    Blocking waiting for file lock on package cache
    Blocking waiting for file lock on package cache
    Blocking waiting for file lock on package cache
   Compiling quote v1.0.46
   Compiling libc v0.2.186
   Compiling memchr v2.8.2
   Compiling once_cell v1.21.4
   Compiling log v0.4.33
   Compiling hashbrown v0.17.1
   Compiling autocfg v1.5.1
   Compiling bitflags v2.13.0
   Compiling itoa v1.0.18
   Compiling num-traits v0.2.19
   Compiling zerocopy v0.8.52
   Compiling syn v2.0.118
   Compiling shlex v2.0.1
   Compiling indexmap v2.14.0
   Compiling bytes v1.12.0
   Compiling pkg-config v0.3.33
   Compiling serde_json v1.0.150
   Compiling jobserver v0.1.34
   Compiling arrayvec v0.7.8
   Compiling unicode-width v0.2.2
   Compiling cc v1.2.65
   Compiling errno v0.3.14
   Compiling getrandom v0.2.17
   Compiling mio v1.2.1
   Compiling signal-hook-registry v1.4.8
   Compiling getrandom v0.3.4
   Compiling tracing-core v0.1.36
   Compiling socket2 v0.6.4
   Compiling rand_core v0.6.4
   Compiling num-integer v0.1.46
   Compiling anyhow v1.0.103
   Compiling either v1.16.0
   Compiling rustix v1.1.4
   Compiling http v1.4.2
   Compiling crypto-common v0.1.7
   Compiling num-bigint v0.4.7
   Compiling num-complex v0.4.6
   Compiling unicode-segmentation v1.13.3
   Compiling zstd-sys v2.0.16+zstd.1.5.7
   Compiling spirv v0.3.0+sdk-1.3.268.0
   Compiling http-body v1.0.1
   Compiling synstructure v0.13.2
   Compiling litemap v0.8.2
   Compiling writeable v0.6.3
   Compiling gpu-descriptor-types v0.2.0
   Compiling gpu-alloc-types v0.3.1
   Compiling serde_derive v1.0.228
   Compiling zerocopy-derive v0.8.52
   Compiling thiserror-impl v2.0.18
   Compiling futures-macro v0.3.32
   Compiling bytemuck_derive v1.10.2
   Compiling futures-util v0.3.32
   Compiling thiserror v2.0.18
   Compiling tokio-macros v2.7.0
   Compiling bytemuck v1.25.0
   Compiling tracing-attributes v0.1.31
   Compiling zerofrom-derive v0.1.7
   Compiling yoke-derive v0.8.2
   Compiling zerovec-derive v0.11.3
   Compiling tracing v0.1.44
   Compiling serde v1.0.228
   Compiling zerofrom v0.1.8
   Compiling yoke v0.8.3
   Compiling displaydoc v0.2.6
   Compiling zeroize_derive v1.5.0
   Compiling zerovec v0.11.6
   Compiling smallvec v1.15.2
   Compiling serde_yaml_ng v0.10.0
   Compiling parking_lot_core v0.9.12
   Compiling chrono v0.4.45
   Compiling zerotrie v0.2.4
   Compiling serde_spanned v0.6.9
   Compiling parking_lot v0.12.5
   Compiling tinystr v0.8.3
   Compiling potential_utf v0.1.5
   Compiling tokio v1.52.3
   Compiling icu_locale_core v2.2.0
   Compiling toml_datetime v0.6.11
   Compiling icu_properties_data v2.2.0
   Compiling icu_normalizer_data v2.2.0
   Compiling toml_edit v0.22.27
   Compiling icu_collections v2.2.0
   Compiling icu_provider v2.2.0
   Compiling half v2.7.1
   Compiling ahash v0.8.12
   Compiling zeroize v1.9.0
   Compiling gpu-alloc v0.6.2
   Compiling gpu-descriptor v0.3.2
   Compiling khronos-egl v6.0.0
   Compiling http-body-util v0.1.3
   Compiling getrandom v0.4.3
   Compiling regex-syntax v0.8.11
   Compiling profiling v1.0.18
   Compiling toml v0.8.23
   Compiling num_cpus v1.17.0
   Compiling aho-corasick v1.1.4
   Compiling simd-adler32 v0.3.9
   Compiling icu_normalizer v2.2.0
   Compiling icu_properties v2.2.0
   Compiling tokio-util v0.7.18
   Compiling regex-automata v0.4.14
   Compiling h2 v0.4.15
   Compiling tower v0.5.3
   Compiling ppv-lite86 v0.2.21
   Compiling codespan-reporting v0.12.0
   Compiling hyper v1.10.1
   Compiling hostname v0.4.2
   Compiling naga v27.0.3
   Compiling idna_adapter v1.2.2
   Compiling wgpu-types v27.0.1
   Compiling hyper-util v0.1.20
   Compiling openssl-sys v0.9.117
   Compiling rand_core v0.9.5
   Compiling ordered-float v5.3.0
   Compiling semver v1.0.28
   Compiling miniz_oxide v0.8.9
   Compiling rustc_version v0.4.1
   Compiling idna v1.1.0
   Compiling provable-contracts-macros v0.3.1
   Compiling ring v0.17.14
   Compiling anstyle-parse v1.0.0
   Compiling url v2.5.8
   Compiling digest v0.10.7
   Compiling rand_chacha v0.9.0
   Compiling rustls-pki-types v1.15.0
   Compiling arrow-buffer v57.3.1
   Compiling colorchoice v1.0.5
   Compiling anstyle v1.0.14
   Compiling arrow-schema v57.3.1
   Compiling anstream v1.0.0
   Compiling rand v0.9.4
   Compiling rayon v1.12.0
   Compiling arrow-data v57.3.1
   Compiling serde_urlencoded v0.7.1
   Compiling wgpu-hal v27.0.4
   Compiling terminal_size v0.4.4
   Compiling openssl v0.10.81
   Compiling clap_lex v1.1.0
   Compiling clap_builder v4.6.0
   Compiling flate2 v1.1.9
   Compiling arrow-array v57.3.1
   Compiling signal-hook v0.3.18
   Compiling wgpu-core-deps-windows-linux-android v27.0.0
   Compiling wgpu-core v27.0.3
   Compiling regex v1.12.4
   Compiling futures-intrusive v0.5.0
   Compiling clap_derive v4.6.1
   Compiling openssl-macros v0.1.1
   Compiling rustls v0.23.41
   Compiling native-tls v0.2.18
   Compiling wgpu v27.0.1
   Compiling zstd-safe v7.2.4
   Compiling zstd v0.13.3
   Compiling clap v4.6.1
   Compiling rustls-webpki v0.103.13
   Compiling signal-hook-mio v0.2.5
   Compiling futures-executor v0.3.32
   Compiling async-trait v0.1.89
   Compiling webpki-roots v1.0.8
   Compiling tower-http v0.6.11
   Compiling rustix v0.38.44
   Compiling arrow-select v57.3.1
   Compiling aprender-compute v0.51.0
   Compiling fastrand v2.4.1
   Compiling tempfile v3.27.0
   Compiling tokio-native-tls v0.3.1
   Compiling tokio-rustls v0.26.4
   Compiling uuid v1.23.4
   Compiling hashbrown v0.14.5
   Compiling aprender-quant v0.51.0
   Compiling aprender-gemm-codegen v0.51.0
   Compiling thiserror-impl v1.0.69
   Compiling rmp v0.8.15
   Compiling rmp-serde v1.3.1
   Compiling thiserror v1.0.69
   Compiling hyper-rustls v0.27.9
   Compiling hyper-tls v0.6.0
   Compiling crossterm v0.28.1
   Compiling futures v0.3.32
   Compiling memmap2 v0.9.11
   Compiling minijinja v2.21.0
   Compiling reqwest v0.12.28
   Compiling arrow-ord v57.3.1
   Compiling aprender-common v0.51.0
   Compiling sha2 v0.10.9
   Compiling symphonia-core v0.5.5
   Compiling flatbuffers v25.12.19
   Compiling tokio-stream v0.1.18
   Compiling bincode v1.3.3
   Compiling comfy-table v7.2.2
   Compiling atoi v2.0.0
   Compiling wasm-bindgen-shared v0.2.126
   Compiling arrow-cast v57.3.1
   Compiling bitvec v1.1.1
   Compiling alloc-stdlib v0.2.4
   Compiling dirs-sys v0.5.0
   Compiling webpki-roots v0.26.11
   Compiling axum-core v0.4.5
   Compiling compact_str v0.8.2
   Compiling socks v0.3.4
   Compiling provable-contracts-macros v0.2.2
   Compiling pin-project-internal v1.1.13
   Compiling libsqlite3-sys v0.30.1
   Compiling console v0.15.11
   Compiling serde_path_to_error v0.1.20
   Compiling transpose v0.2.3
   Compiling indicatif v0.17.11
   Compiling axum v0.7.9
   Compiling pin-project v1.1.13
   Compiling ureq v2.12.1
   Compiling dirs v6.0.0
   Compiling arrow-ipc v57.3.1
   Compiling brotli-decompressor v5.0.3
   Compiling symphonia-metadata v0.5.5
   Compiling curve25519-dalek v4.1.3
   Compiling matchers v0.2.0
   Compiling aprender-core v0.51.0
   Compiling aprender-present-core v0.51.0
   Compiling tracing-serde v0.2.0
   Compiling primal-check v0.3.4
   Compiling tracing-log v0.2.0
   Compiling ordered-float v2.10.1
   Compiling deranged v0.5.8
   Compiling num-conv v0.2.2
   Compiling time-core v0.1.9
   Compiling thrift v0.17.0
   Compiling darling_core v0.20.11
   Compiling time v0.3.53
   Compiling tracing-subscriber v0.3.23
   Compiling rustfft v6.4.1
   Compiling cipher v0.4.4
   Compiling brotli v8.0.4
   Compiling hf-hub v0.4.3
   Compiling hashlink v0.9.1
   Compiling arrow-string v57.3.1
   Compiling arrow-arith v57.3.1
   Compiling arrow-row v57.3.1
   Compiling fdeflate v0.3.7
   Compiling safetensors v0.4.5
   Compiling ref-cast-impl v1.0.25
   Compiling curve25519-dalek-derive v0.1.1
   Compiling lzma-sys v0.1.20
   Compiling bzip2-sys v0.1.13+1.0.8
   Compiling parquet v57.3.1
   Compiling itertools v0.14.0
   Compiling ref-cast v1.0.25
   Compiling arrow v57.3.1
   Compiling png v0.17.16
   Compiling darling_macro v0.20.11
   Compiling rusqlite v0.32.1
   Compiling dashmap v6.2.1
   Compiling darling_core v0.23.0
   Compiling aprender-db v0.51.0
   Compiling serde_yaml v0.9.34+deprecated
   Compiling num-rational v0.4.2
   Compiling num-iter v0.1.45
   Compiling nix v0.31.3
   Compiling proc-macro-error-attr2 v2.0.0
   Compiling matrixmultiply v0.3.10
   Compiling crc-catalog v2.5.0
   Compiling bumpalo v3.20.3
   Compiling fluent-uri v0.3.2
   Compiling wasm-bindgen-macro-support v0.2.126
   Compiling crc v3.4.0
   Compiling proc-macro-error2 v2.0.1
   Compiling num v0.4.3
   Compiling darling_macro v0.23.0
   Compiling aprender-present-terminal v0.51.0
   Compiling aprender-viz v0.51.0
   Compiling darling v0.20.11
   Compiling ed25519-dalek v2.2.0
   Compiling prost-derive v0.14.4
   Compiling aes v0.8.4
   Compiling symphonia-utils-xiph v0.5.5
   Compiling dirs-sys v0.4.1
   Compiling hmac v0.12.1
   Compiling hyper-timeout v0.5.2
   Compiling opentelemetry v0.31.0
   Compiling strum_macros v0.28.0
   Compiling async-stream-impl v0.3.6
   Compiling serde_derive_internals v0.29.1
   Compiling wasm-bindgen v0.2.126
   Compiling sqlparser v0.52.0
   Compiling instability v0.3.12
   Compiling rustc-hash v2.1.3
   Compiling validator_derive v0.20.0
   Compiling convert_case v0.10.0
   Compiling tinyvec v1.11.0
   Compiling unicode-truncate v2.0.1
   Compiling uuid-simd v0.8.0
   Compiling zopfli v0.8.3
   Compiling schemars_derive v0.8.22
   Compiling strum v0.28.0
   Compiling async-stream v0.3.6
   Compiling tonic v0.14.6
   Compiling pbkdf2 v0.12.2
   Compiling dirs v5.0.1
   Compiling prost v0.14.4
   Compiling xz2 v0.1.7
   Compiling bzip2 v0.5.2
   Compiling wasm-bindgen-macro v0.2.126
   Compiling darling v0.23.0
   Compiling fraction v0.15.4
   Compiling lzma-rs v0.3.0
   Compiling referencing v0.28.3
   Compiling compact_str v0.9.1
   Compiling sha1 v0.10.6
   Compiling fancy-regex v0.14.0
   Compiling trueno v0.17.5
   Compiling aprender-train v0.51.0
   Compiling email_address v0.2.9
   Compiling kasuari v0.4.12
   Compiling blake3 v1.8.5
   Compiling arc-swap v1.9.2
   Compiling lru v0.18.0
   Compiling deflate64 v0.1.12
   Compiling critical-section v1.2.0
   Compiling ratatui-core v0.1.2
   Compiling zip v2.4.2
   Compiling schemars v0.8.22
   Compiling jsonschema v0.28.3
   Compiling ctrlc v3.5.2
   Compiling tonic-prost v0.14.6
   Compiling proc-macro-error-attr v1.0.4
   Compiling validator v0.20.0
   Compiling object v0.37.3
   Compiling unicode-normalization v0.1.25
   Compiling derive_more-impl v2.1.1
   Compiling ndarray v0.16.1
   Compiling syn v1.0.109
   Compiling opentelemetry_sdk v0.31.0
   Compiling aprender-profile-core v0.51.0
   Compiling clap_complete v4.6.7
   Compiling batuta-common v0.1.0
   Compiling trueno v0.14.6
   Compiling trueno-quant v0.1.0
   Compiling aprender-rag v0.51.0
   Compiling aprender-core v0.29.3
   Compiling aprender-serve v0.51.0
   Compiling safetensors v0.7.0
   Compiling trueno-gemm-codegen v0.1.0
   Compiling fs4 v0.13.1
   Compiling vte v0.14.1
   Compiling csv-core v0.1.13
   Compiling naga v23.1.0
   Compiling backtrace v0.3.76
   Compiling csv v1.4.0
   Compiling strip-ansi-escapes v0.2.1
   Compiling presentar-core v0.3.4
   Compiling opentelemetry-proto v0.31.0
   Compiling proc-macro-error v1.0.4
   Compiling derive_more v2.1.1
   Compiling aprender-mcp v0.51.0
   Compiling aprender-graph v0.51.0
   Compiling aprender-train-common v0.51.0
   Compiling opentelemetry-http v0.31.0
   Compiling aprender-contracts v0.51.0
   Compiling rand_chacha v0.3.1
   Compiling aprender-orchestrate v0.51.0
   Compiling aprender-compute v0.29.0
   Compiling aprender-serve v0.29.0
   Compiling cargo-platform v0.1.9
   Compiling strum_macros v0.26.4
   Compiling fd-lock v4.0.4
   Compiling universal-hash v0.5.1
   Compiling itertools v0.12.1
   Compiling line-clipping v0.3.7
   Compiling wgpu-types v23.0.0
   Compiling polyval v0.6.2
   Compiling cargo_metadata v0.19.2
   Compiling pmcp v2.11.0
   Compiling which v6.0.3
   Compiling wgpu-hal v23.0.1
   Compiling reedline v0.37.0
   Compiling tabled_derive v0.8.0
   Compiling ratatui-widgets v0.3.2
   Compiling rand v0.8.6
   Compiling opentelemetry-otlp v0.31.1
   Compiling crossterm v0.29.0
   Compiling presentar-terminal v0.3.5
   Compiling nix v0.29.0
   Compiling nix v0.30.1
   Compiling arrow-csv v57.3.1
   Compiling object v0.38.1
   Compiling aprender-registry v0.51.0
   Compiling trueno-gpu v0.4.36
   Compiling js-sys v0.3.103
   Compiling arrow-json v57.3.1
   Compiling tower v0.4.13
   Compiling renacer-core v0.1.0
   Compiling filedescriptor v0.8.3
   Compiling aprender-quant v0.29.0
   Compiling aprender-contracts-macros v0.51.0
   Compiling aprender-gemm-codegen v0.29.0
   Compiling quick-xml v0.37.5
   Compiling symphonia-format-riff v0.5.5
   Compiling which v7.0.3
   Compiling password-hash v0.5.0
   Compiling gag v1.0.0
   Compiling aprender-data v0.51.0
   Compiling tabled v0.16.0
   Compiling aprender-profile v0.51.0
   Compiling ratatui-crossterm v0.1.2
   Compiling wgpu-core v23.0.1
   Compiling aprender-train-distill v0.51.0
   Compiling aprender-train-lora v0.51.0
   Compiling ratatui-macros v0.7.2
   Compiling ghash v0.5.1
   Compiling symphonia-format-mkv v0.5.5
   Compiling symphonia-format-ogg v0.5.5
   Compiling symphonia-bundle-flac v0.5.5
   Compiling symphonia-codec-vorbis v0.5.5
   Compiling symphonia-format-isomp4 v0.5.5
   Compiling ctr v0.9.2
   Compiling symphonia-bundle-mp3 v0.5.5
   Compiling symphonia-codec-pcm v0.5.5
   Compiling symphonia-codec-aac v0.5.5
   Compiling blake2 v0.10.6
   Compiling aprender-zram-core v0.51.0
   Compiling aead v0.5.2
   Compiling dhat v0.3.3
   Compiling apr-cli v0.51.0
   Compiling aes-gcm v0.10.3
   Compiling argon2 v0.5.3
   Compiling symphonia v0.5.5
   Compiling ratatui v0.30.2
   Compiling wgpu v23.0.1
   Compiling realizar v0.9.1
   Compiling trueno v0.19.1
   Compiling wasm-bindgen-rayon v1.3.0
   Compiling web-sys v0.3.103
   Compiling console_error_panic_hook v0.1.7
   Compiling provable-contracts-macros v0.1.1
   Compiling ciborium-ll v0.2.2
   Compiling itertools v0.10.5
   Compiling wait-timeout v0.2.1
   Compiling rusty-fork v0.3.1
   Compiling criterion-plot v0.5.0
   Compiling ciborium v0.2.2
   Compiling plotters v0.3.7
   Compiling rand_xorshift v0.4.0
   Compiling tinytemplate v1.2.1
   Compiling is-terminal v0.4.17
   Compiling proptest v1.11.0
   Compiling criterion v0.5.1
   Compiling jugar-probar v1.0.4
